// Jest Snapshot v1, https://goo.gl/fbAQLP

exports[`Footer Component should match a snapshot correctly 1`] = `
Stream {
  "_d": false,
  "_dl": Object {},
  "_err": Object {},
  "_ils": Array [],
  "_prod": MapOp {
    "f": [Function],
    "ins": Stream {
      "_d": false,
      "_dl": Object {},
      "_err": Object {},
      "_ils": Array [],
      "_prod": FromArray {
        "a": Array [
          Object {
            "children": Array [
              Object {
                "children": Array [
                  Object {
                    "children": undefined,
                    "data": Object {},
                    "elm": undefined,
                    "key": undefined,
                    "sel": "span.Footer-label",
                    "text": "Built with CycleJS",
                  },
                  Object {
                    "children": undefined,
                    "data": Object {},
                    "elm": undefined,
                    "key": undefined,
                    "sel": "div.Footer-cycle-logo",
                    "text": undefined,
                  },
                ],
                "data": Object {
                  "attrs": Object {
                    "href": "https://cycle.js.org/",
                    "target": "_blank",
                  },
                },
                "elm": undefined,
                "key": undefined,
                "sel": "a.Footer-link",
                "text": undefined,
              },
              Object {
                "children": Array [
                  Object {
                    "children": undefined,
                    "data": Object {},
                    "elm": undefined,
                    "key": undefined,
                    "sel": "span.Footer-label",
                    "text": "By olpeh",
                  },
                  Object {
                    "children": undefined,
                    "data": Object {},
                    "elm": undefined,
                    "key": undefined,
                    "sel": "div.Footer-github-logo",
                    "text": undefined,
                  },
                ],
                "data": Object {
                  "attrs": Object {
                    "href": "https://github.com/olpeh/meeting-price-calculator",
                    "target": "_blank",
                  },
                },
                "elm": undefined,
                "key": undefined,
                "sel": "a.Footer-link",
                "text": undefined,
              },
            ],
            "data": Object {},
            "elm": undefined,
            "key": undefined,
            "sel": "div.Footer",
            "text": undefined,
          },
        ],
        "type": "fromArray",
      },
      "_stopID": Object {},
      "_target": Object {},
    },
    "out": Object {},
    "type": "map",
  },
  "_stopID": Object {},
  "_target": Object {},
}
`;
