// Jest Snapshot v1, https://goo.gl/fbAQLP

exports[`Controls Component should match a snapshot correctly 1`] = `
Stream {
  "_d": false,
  "_dl": Object {},
  "_err": Object {},
  "_ils": Array [],
  "_prod": MapOp {
    "f": [Function],
    "ins": Stream {
      "_d": false,
      "_dl": Object {},
      "_err": Object {},
      "_ils": Array [],
      "_prod": MapOp {
        "f": [Function],
        "ins": Stream {
          "_d": false,
          "_dl": Object {},
          "_err": Object {},
          "_ils": Array [],
          "_prod": Combine {
            "Nc": 0,
            "Nn": 0,
            "ils": Array [],
            "insArr": Array [
              Stream {
                "_d": false,
                "_dl": Object {},
                "_err": Object {},
                "_ils": Array [],
                "_prod": FromArray {
                  "a": Array [
                    Object {
                      "avgPrice": 105,
                      "currency": "â‚¬",
                      "personAmount": 8,
                    },
                  ],
                  "type": "fromArray",
                },
                "_stopID": Object {},
                "_target": Object {},
              },
              Stream {
                "_d": false,
                "_dl": Object {},
                "_err": Object {},
                "_ils": Array [],
                "_prod": FromArray {
                  "a": Array [
                    <div.SliderInput>
                      personAmountSliderDOM
                    </div.SliderInput>,
                  ],
                  "type": "fromArray",
                },
                "_stopID": Object {},
                "_target": Object {},
              },
              Stream {
                "_d": false,
                "_dl": Object {},
                "_err": Object {},
                "_ils": Array [],
                "_prod": FromArray {
                  "a": Array [
                    <div.SliderInput>
                      avgPriceSliderDOM
                    </div.SliderInput>,
                  ],
                  "type": "fromArray",
                },
                "_stopID": Object {},
                "_target": Object {},
              },
            ],
            "out": Object {},
            "type": "combine",
            "vals": Array [],
          },
          "_stopID": Object {},
          "_target": Object {},
        },
        "out": Object {},
        "type": "map",
      },
      "_stopID": Object {},
      "_target": Object {},
    },
    "out": Object {},
    "type": "map",
  },
  "_stopID": Object {},
  "_target": Object {},
}
`;
