// Jest Snapshot v1, https://goo.gl/fbAQLP

exports[`Price Component should match a snapshot correctly 1`] = `
Stream {
  "_d": false,
  "_dl": Object {},
  "_err": Object {},
  "_ils": Array [],
  "_prod": MapOp {
    "f": [Function],
    "ins": Stream {
      "_d": false,
      "_dl": Object {},
      "_err": Object {},
      "_ils": Array [],
      "_prod": MapOp {
        "f": [Function],
        "ins": Stream {
          "_d": false,
          "_dl": Object {},
          "_err": Object {},
          "_ils": Array [],
          "_prod": Combine {
            "Nc": 0,
            "Nn": 0,
            "ils": Array [],
            "insArr": Array [
              Stream {
                "_d": false,
                "_dl": Object {},
                "_err": Object {},
                "_ils": Array [],
                "_prod": FromArray {
                  "a": Array [
                    Object {
                      "avgPrice": Object {
                        "description": "Average price",
                        "max": 1500,
                        "min": 0,
                        "step": 5,
                        "unit": "€ / h",
                        "value": 105,
                      },
                      "currency": "€",
                      "personAmount": Object {
                        "description": "Person amount",
                        "max": 100,
                        "min": 0,
                        "step": 1,
                        "unit": "persons",
                        "value": 8,
                      },
                      "tick": 120,
                    },
                  ],
                  "type": "fromArray",
                },
                "_stopID": Object {},
                "_target": Object {},
              },
              Stream {
                "_d": false,
                "_dl": Object {},
                "_err": Object {},
                "_ils": Array [],
                "_prod": FromArray {
                  "a": Array [
                    Object {
                      "children": Array [
                        Object {
                          "children": undefined,
                          "data": Object {},
                          "elm": undefined,
                          "key": undefined,
                          "sel": "p",
                          "text": "personAmountSliderDOM",
                        },
                      ],
                      "data": Object {},
                      "elm": undefined,
                      "key": undefined,
                      "sel": "div.SliderInput",
                      "text": undefined,
                    },
                  ],
                  "type": "fromArray",
                },
                "_stopID": Object {},
                "_target": Object {},
              },
              Stream {
                "_d": false,
                "_dl": Object {},
                "_err": Object {},
                "_ils": Array [],
                "_prod": FromArray {
                  "a": Array [
                    Object {
                      "children": Array [
                        Object {
                          "children": undefined,
                          "data": Object {},
                          "elm": undefined,
                          "key": undefined,
                          "sel": "p",
                          "text": "avgPriceSliderDOM",
                        },
                      ],
                      "data": Object {},
                      "elm": undefined,
                      "key": undefined,
                      "sel": "div.SliderInput",
                      "text": undefined,
                    },
                  ],
                  "type": "fromArray",
                },
                "_stopID": Object {},
                "_target": Object {},
              },
            ],
            "out": Object {},
            "type": "combine",
            "vals": Array [],
          },
          "_stopID": Object {},
          "_target": Object {},
        },
        "out": Object {},
        "type": "map",
      },
      "_stopID": Object {},
      "_target": Object {},
    },
    "out": Object {},
    "type": "map",
  },
  "_stopID": Object {},
  "_target": Object {},
}
`;
